Archive member included because of file (symbol)

f:/imt school/lectures/avr interfacing/imt_sdk_win_64/imt_sdk_win_64/winavr/bin/../lib/gcc/avr/4.3.3/avr5\libgcc.a(_mulsi3.o)
                              ./APP/main.o (__mulsi3)
f:/imt school/lectures/avr interfacing/imt_sdk_win_64/imt_sdk_win_64/winavr/bin/../lib/gcc/avr/4.3.3/avr5\libgcc.a(_udivmodqi4.o)
                              ./APP/main.o (__udivmodqi4)
f:/imt school/lectures/avr interfacing/imt_sdk_win_64/imt_sdk_win_64/winavr/bin/../lib/gcc/avr/4.3.3/avr5\libgcc.a(_udivmodhi4.o)
                              ./APP/main.o (__udivmodhi4)
f:/imt school/lectures/avr interfacing/imt_sdk_win_64/imt_sdk_win_64/winavr/bin/../lib/gcc/avr/4.3.3/avr5\libgcc.a(_divmodhi4.o)
                              ./APP/main.o (__divmodhi4)
f:/imt school/lectures/avr interfacing/imt_sdk_win_64/imt_sdk_win_64/winavr/bin/../lib/gcc/avr/4.3.3/avr5\libgcc.a(_exit.o)
                              f:/imt school/lectures/avr interfacing/imt_sdk_win_64/imt_sdk_win_64/winavr/bin/../lib/gcc/avr/4.3.3/../../../../avr/lib/avr5/crtm32.o (exit)
f:/imt school/lectures/avr interfacing/imt_sdk_win_64/imt_sdk_win_64/winavr/bin/../lib/gcc/avr/4.3.3/avr5\libgcc.a(_copy_data.o)
                              ./APP/main.o (__do_copy_data)
f:/imt school/lectures/avr interfacing/imt_sdk_win_64/imt_sdk_win_64/winavr/bin/../lib/gcc/avr/4.3.3/avr5\libgcc.a(_clear_bss.o)
                              ./MCAL/TIMER/TIMER_program.o (__do_clear_bss)
f:/imt school/lectures/avr interfacing/imt_sdk_win_64/imt_sdk_win_64/winavr/bin/../lib/gcc/avr/4.3.3/avr5\libgcc.a(_ashldi3.o)
                              ./HAL/CLCD/CLCD_program.o (__ashldi3)
f:/imt school/lectures/avr interfacing/imt_sdk_win_64/imt_sdk_win_64/winavr/bin/../lib/gcc/avr/4.3.3/avr5\libgcc.a(_fixunssfsi.o)
                              ./HAL/CLCD/CLCD_program.o (__fixunssfsi)
f:/imt school/lectures/avr interfacing/imt_sdk_win_64/imt_sdk_win_64/winavr/bin/../lib/gcc/avr/4.3.3/avr5\libgcc.a(_udivdi3.o)
                              ./HAL/CLCD/CLCD_program.o (__udivdi3)
f:/imt school/lectures/avr interfacing/imt_sdk_win_64/imt_sdk_win_64/winavr/bin/../lib/gcc/avr/4.3.3/avr5\libgcc.a(_umoddi3.o)
                              ./HAL/CLCD/CLCD_program.o (__umoddi3)
f:/imt school/lectures/avr interfacing/imt_sdk_win_64/imt_sdk_win_64/winavr/bin/../lib/gcc/avr/4.3.3/avr5\libgcc.a(_addsub_sf.o)
                              f:/imt school/lectures/avr interfacing/imt_sdk_win_64/imt_sdk_win_64/winavr/bin/../lib/gcc/avr/4.3.3/avr5\libgcc.a(_fixunssfsi.o) (__subsf3)
f:/imt school/lectures/avr interfacing/imt_sdk_win_64/imt_sdk_win_64/winavr/bin/../lib/gcc/avr/4.3.3/avr5\libgcc.a(_mul_sf.o)
                              ./HAL/CLCD/CLCD_program.o (__mulsf3)
f:/imt school/lectures/avr interfacing/imt_sdk_win_64/imt_sdk_win_64/winavr/bin/../lib/gcc/avr/4.3.3/avr5\libgcc.a(_div_sf.o)
                              ./HAL/CLCD/CLCD_program.o (__divsf3)
f:/imt school/lectures/avr interfacing/imt_sdk_win_64/imt_sdk_win_64/winavr/bin/../lib/gcc/avr/4.3.3/avr5\libgcc.a(_gt_sf.o)
                              ./HAL/CLCD/CLCD_program.o (__gtsf2)
f:/imt school/lectures/avr interfacing/imt_sdk_win_64/imt_sdk_win_64/winavr/bin/../lib/gcc/avr/4.3.3/avr5\libgcc.a(_ge_sf.o)
                              f:/imt school/lectures/avr interfacing/imt_sdk_win_64/imt_sdk_win_64/winavr/bin/../lib/gcc/avr/4.3.3/avr5\libgcc.a(_fixunssfsi.o) (__gesf2)
f:/imt school/lectures/avr interfacing/imt_sdk_win_64/imt_sdk_win_64/winavr/bin/../lib/gcc/avr/4.3.3/avr5\libgcc.a(_lt_sf.o)
                              ./HAL/CLCD/CLCD_program.o (__ltsf2)
f:/imt school/lectures/avr interfacing/imt_sdk_win_64/imt_sdk_win_64/winavr/bin/../lib/gcc/avr/4.3.3/avr5\libgcc.a(_sf_to_si.o)
                              f:/imt school/lectures/avr interfacing/imt_sdk_win_64/imt_sdk_win_64/winavr/bin/../lib/gcc/avr/4.3.3/avr5\libgcc.a(_fixunssfsi.o) (__fixsfsi)
f:/imt school/lectures/avr interfacing/imt_sdk_win_64/imt_sdk_win_64/winavr/bin/../lib/gcc/avr/4.3.3/avr5\libgcc.a(_thenan_sf.o)
                              f:/imt school/lectures/avr interfacing/imt_sdk_win_64/imt_sdk_win_64/winavr/bin/../lib/gcc/avr/4.3.3/avr5\libgcc.a(_addsub_sf.o) (__thenan_sf)
f:/imt school/lectures/avr interfacing/imt_sdk_win_64/imt_sdk_win_64/winavr/bin/../lib/gcc/avr/4.3.3/avr5\libgcc.a(_udivmodsi4.o)
                              f:/imt school/lectures/avr interfacing/imt_sdk_win_64/imt_sdk_win_64/winavr/bin/../lib/gcc/avr/4.3.3/avr5\libgcc.a(_udivdi3.o) (__udivmodsi4)
f:/imt school/lectures/avr interfacing/imt_sdk_win_64/imt_sdk_win_64/winavr/bin/../lib/gcc/avr/4.3.3/avr5\libgcc.a(_prologue.o)
                              f:/imt school/lectures/avr interfacing/imt_sdk_win_64/imt_sdk_win_64/winavr/bin/../lib/gcc/avr/4.3.3/avr5\libgcc.a(_udivdi3.o) (__prologue_saves__)
f:/imt school/lectures/avr interfacing/imt_sdk_win_64/imt_sdk_win_64/winavr/bin/../lib/gcc/avr/4.3.3/avr5\libgcc.a(_epilogue.o)
                              f:/imt school/lectures/avr interfacing/imt_sdk_win_64/imt_sdk_win_64/winavr/bin/../lib/gcc/avr/4.3.3/avr5\libgcc.a(_udivdi3.o) (__epilogue_restores__)
f:/imt school/lectures/avr interfacing/imt_sdk_win_64/imt_sdk_win_64/winavr/bin/../lib/gcc/avr/4.3.3/avr5\libgcc.a(_clz.o)
                              f:/imt school/lectures/avr interfacing/imt_sdk_win_64/imt_sdk_win_64/winavr/bin/../lib/gcc/avr/4.3.3/avr5\libgcc.a(_udivdi3.o) (__clz_tab)
f:/imt school/lectures/avr interfacing/imt_sdk_win_64/imt_sdk_win_64/winavr/bin/../lib/gcc/avr/4.3.3/avr5\libgcc.a(_pack_sf.o)
                              f:/imt school/lectures/avr interfacing/imt_sdk_win_64/imt_sdk_win_64/winavr/bin/../lib/gcc/avr/4.3.3/avr5\libgcc.a(_addsub_sf.o) (__pack_f)
f:/imt school/lectures/avr interfacing/imt_sdk_win_64/imt_sdk_win_64/winavr/bin/../lib/gcc/avr/4.3.3/avr5\libgcc.a(_unpack_sf.o)
                              f:/imt school/lectures/avr interfacing/imt_sdk_win_64/imt_sdk_win_64/winavr/bin/../lib/gcc/avr/4.3.3/avr5\libgcc.a(_addsub_sf.o) (__unpack_f)
f:/imt school/lectures/avr interfacing/imt_sdk_win_64/imt_sdk_win_64/winavr/bin/../lib/gcc/avr/4.3.3/avr5\libgcc.a(_fpcmp_parts_sf.o)
                              f:/imt school/lectures/avr interfacing/imt_sdk_win_64/imt_sdk_win_64/winavr/bin/../lib/gcc/avr/4.3.3/avr5\libgcc.a(_gt_sf.o) (__fpcmp_parts_f)
f:/imt school/lectures/avr interfacing/imt_sdk_win_64/imt_sdk_win_64/winavr/bin/../lib/gcc/avr/4.3.3/../../../../avr/lib/avr5\libc.a(strcmp.o)
                              ./APP/main.o (strcmp)

Memory Configuration

Name             Origin             Length             Attributes
text             0x00000000         0x00020000         xr
data             0x00800060         0x0000ffa0         rw !x
eeprom           0x00810000         0x00010000         rw !x
fuse             0x00820000         0x00000400         rw !x
lock             0x00830000         0x00000400         rw !x
signature        0x00840000         0x00000400         rw !x
*default*        0x00000000         0xffffffff

Linker script and memory map

LOAD f:/imt school/lectures/avr interfacing/imt_sdk_win_64/imt_sdk_win_64/winavr/bin/../lib/gcc/avr/4.3.3/../../../../avr/lib/avr5/crtm32.o
LOAD ./MCAL/UART/UART_program.o
LOAD ./MCAL/TIMER/TIMER_program.o
LOAD ./MCAL/SPI/SPI_program.o
LOAD ./MCAL/GIE/GIE_program.o
LOAD ./MCAL/EXTI/EXTI_program.o
LOAD ./MCAL/DIO/DIO_program.o
LOAD ./MCAL/ADC/ADC_program.o
LOAD ./HAL/CLCD/CLCD_program.o
LOAD ./APP/main.o
LOAD f:/imt school/lectures/avr interfacing/imt_sdk_win_64/imt_sdk_win_64/winavr/bin/../lib/gcc/avr/4.3.3/avr5\libgcc.a
LOAD f:/imt school/lectures/avr interfacing/imt_sdk_win_64/imt_sdk_win_64/winavr/bin/../lib/gcc/avr/4.3.3/../../../../avr/lib/avr5\libc.a
LOAD f:/imt school/lectures/avr interfacing/imt_sdk_win_64/imt_sdk_win_64/winavr/bin/../lib/gcc/avr/4.3.3/avr5\libgcc.a

.hash
 *(.hash)

.dynsym
 *(.dynsym)

.dynstr
 *(.dynstr)

.gnu.version
 *(.gnu.version)

.gnu.version_d
 *(.gnu.version_d)

.gnu.version_r
 *(.gnu.version_r)

.rel.init
 *(.rel.init)

.rela.init
 *(.rela.init)

.rel.text
 *(.rel.text)
 *(.rel.text.*)
 *(.rel.gnu.linkonce.t*)

.rela.text
 *(.rela.text)
 *(.rela.text.*)
 *(.rela.gnu.linkonce.t*)

.rel.fini
 *(.rel.fini)

.rela.fini
 *(.rela.fini)

.rel.rodata
 *(.rel.rodata)
 *(.rel.rodata.*)
 *(.rel.gnu.linkonce.r*)

.rela.rodata
 *(.rela.rodata)
 *(.rela.rodata.*)
 *(.rela.gnu.linkonce.r*)

.rel.data
 *(.rel.data)
 *(.rel.data.*)
 *(.rel.gnu.linkonce.d*)

.rela.data
 *(.rela.data)
 *(.rela.data.*)
 *(.rela.gnu.linkonce.d*)

.rel.ctors
 *(.rel.ctors)

.rela.ctors
 *(.rela.ctors)

.rel.dtors
 *(.rel.dtors)

.rela.dtors
 *(.rela.dtors)

.rel.got
 *(.rel.got)

.rela.got
 *(.rela.got)

.rel.bss
 *(.rel.bss)

.rela.bss
 *(.rela.bss)

.rel.plt
 *(.rel.plt)

.rela.plt
 *(.rela.plt)

.text           0x00000000     0x572e
 *(.vectors)
 .vectors       0x00000000       0x54 f:/imt school/lectures/avr interfacing/imt_sdk_win_64/imt_sdk_win_64/winavr/bin/../lib/gcc/avr/4.3.3/../../../../avr/lib/avr5/crtm32.o
                0x00000000                __vectors
                0x00000000                __vector_default
 *(.vectors)
 *(.progmem.gcc*)
 *(.progmem*)
                0x00000054                . = ALIGN (0x2)
                0x00000054                __trampolines_start = .
 *(.trampolines)
 .trampolines   0x00000054        0x0 linker stubs
 *(.trampolines*)
                0x00000054                __trampolines_end = .
 *(.jumptables)
 *(.jumptables*)
 *(.lowtext)
 *(.lowtext*)
                0x00000054                __ctors_start = .
 *(.ctors)
                0x00000054                __ctors_end = .
                0x00000054                __dtors_start = .
 *(.dtors)
                0x00000054                __dtors_end = .
 SORT(*)(.ctors)
 SORT(*)(.dtors)
 *(.init0)
 .init0         0x00000054        0x0 f:/imt school/lectures/avr interfacing/imt_sdk_win_64/imt_sdk_win_64/winavr/bin/../lib/gcc/avr/4.3.3/../../../../avr/lib/avr5/crtm32.o
                0x00000054                __init
 *(.init0)
 *(.init1)
 *(.init1)
 *(.init2)
 .init2         0x00000054        0xc f:/imt school/lectures/avr interfacing/imt_sdk_win_64/imt_sdk_win_64/winavr/bin/../lib/gcc/avr/4.3.3/../../../../avr/lib/avr5/crtm32.o
 *(.init2)
 *(.init3)
 *(.init3)
 *(.init4)
 .init4         0x00000060       0x16 f:/imt school/lectures/avr interfacing/imt_sdk_win_64/imt_sdk_win_64/winavr/bin/../lib/gcc/avr/4.3.3/avr5\libgcc.a(_copy_data.o)
                0x00000060                __do_copy_data
 .init4         0x00000076       0x10 f:/imt school/lectures/avr interfacing/imt_sdk_win_64/imt_sdk_win_64/winavr/bin/../lib/gcc/avr/4.3.3/avr5\libgcc.a(_clear_bss.o)
                0x00000076                __do_clear_bss
 *(.init4)
 *(.init5)
 *(.init5)
 *(.init6)
 *(.init6)
 *(.init7)
 *(.init7)
 *(.init8)
 *(.init8)
 *(.init9)
 .init9         0x00000086        0x8 f:/imt school/lectures/avr interfacing/imt_sdk_win_64/imt_sdk_win_64/winavr/bin/../lib/gcc/avr/4.3.3/../../../../avr/lib/avr5/crtm32.o
 *(.init9)
 *(.text)
 .text          0x0000008e        0x4 f:/imt school/lectures/avr interfacing/imt_sdk_win_64/imt_sdk_win_64/winavr/bin/../lib/gcc/avr/4.3.3/../../../../avr/lib/avr5/crtm32.o
                0x0000008e                __vector_12
                0x0000008e                __bad_interrupt
                0x0000008e                __vector_6
                0x0000008e                __vector_13
                0x0000008e                __vector_17
                0x0000008e                __vector_19
                0x0000008e                __vector_7
                0x0000008e                __vector_5
                0x0000008e                __vector_4
                0x0000008e                __vector_9
                0x0000008e                __vector_15
                0x0000008e                __vector_8
                0x0000008e                __vector_14
                0x0000008e                __vector_16
                0x0000008e                __vector_18
                0x0000008e                __vector_20
 .text          0x00000092        0x0 ./MCAL/UART/UART_program.o
 .text          0x00000092        0x0 ./MCAL/TIMER/TIMER_program.o
 .text          0x00000092        0x0 ./MCAL/SPI/SPI_program.o
 .text          0x00000092        0x0 ./MCAL/GIE/GIE_program.o
 .text          0x00000092        0x0 ./MCAL/EXTI/EXTI_program.o
 .text          0x00000092        0x0 ./MCAL/DIO/DIO_program.o
 .text          0x00000092        0x0 ./MCAL/ADC/ADC_program.o
 .text          0x00000092        0x0 ./HAL/CLCD/CLCD_program.o
 .text          0x00000092        0x0 ./APP/main.o
 .text          0x00000092        0x0 f:/imt school/lectures/avr interfacing/imt_sdk_win_64/imt_sdk_win_64/winavr/bin/../lib/gcc/avr/4.3.3/avr5\libgcc.a(_mulsi3.o)
 .text          0x00000092        0x0 f:/imt school/lectures/avr interfacing/imt_sdk_win_64/imt_sdk_win_64/winavr/bin/../lib/gcc/avr/4.3.3/avr5\libgcc.a(_udivmodqi4.o)
 .text          0x00000092        0x0 f:/imt school/lectures/avr interfacing/imt_sdk_win_64/imt_sdk_win_64/winavr/bin/../lib/gcc/avr/4.3.3/avr5\libgcc.a(_udivmodhi4.o)
 .text          0x00000092        0x0 f:/imt school/lectures/avr interfacing/imt_sdk_win_64/imt_sdk_win_64/winavr/bin/../lib/gcc/avr/4.3.3/avr5\libgcc.a(_divmodhi4.o)
 .text          0x00000092        0x0 f:/imt school/lectures/avr interfacing/imt_sdk_win_64/imt_sdk_win_64/winavr/bin/../lib/gcc/avr/4.3.3/avr5\libgcc.a(_exit.o)
 .text          0x00000092        0x0 f:/imt school/lectures/avr interfacing/imt_sdk_win_64/imt_sdk_win_64/winavr/bin/../lib/gcc/avr/4.3.3/avr5\libgcc.a(_copy_data.o)
 .text          0x00000092        0x0 f:/imt school/lectures/avr interfacing/imt_sdk_win_64/imt_sdk_win_64/winavr/bin/../lib/gcc/avr/4.3.3/avr5\libgcc.a(_clear_bss.o)
 .text          0x00000092       0xfe f:/imt school/lectures/avr interfacing/imt_sdk_win_64/imt_sdk_win_64/winavr/bin/../lib/gcc/avr/4.3.3/avr5\libgcc.a(_ashldi3.o)
                0x00000092                __ashldi3
 .text          0x00000190       0x58 f:/imt school/lectures/avr interfacing/imt_sdk_win_64/imt_sdk_win_64/winavr/bin/../lib/gcc/avr/4.3.3/avr5\libgcc.a(_fixunssfsi.o)
                0x00000190                __fixunssfsi
 .text          0x000001e8      0xcea f:/imt school/lectures/avr interfacing/imt_sdk_win_64/imt_sdk_win_64/winavr/bin/../lib/gcc/avr/4.3.3/avr5\libgcc.a(_udivdi3.o)
                0x000001e8                __udivdi3
 .text          0x00000ed2      0xce0 f:/imt school/lectures/avr interfacing/imt_sdk_win_64/imt_sdk_win_64/winavr/bin/../lib/gcc/avr/4.3.3/avr5\libgcc.a(_umoddi3.o)
                0x00000ed2                __umoddi3
 .text          0x00001bb2      0x354 f:/imt school/lectures/avr interfacing/imt_sdk_win_64/imt_sdk_win_64/winavr/bin/../lib/gcc/avr/4.3.3/avr5\libgcc.a(_addsub_sf.o)
                0x00001e4a                __subsf3
                0x00001eac                __addsf3
 .text          0x00001f06      0x1f4 f:/imt school/lectures/avr interfacing/imt_sdk_win_64/imt_sdk_win_64/winavr/bin/../lib/gcc/avr/4.3.3/avr5\libgcc.a(_mul_sf.o)
                0x00001f06                __mulsf3
 .text          0x000020fa      0x158 f:/imt school/lectures/avr interfacing/imt_sdk_win_64/imt_sdk_win_64/winavr/bin/../lib/gcc/avr/4.3.3/avr5\libgcc.a(_div_sf.o)
                0x000020fa                __divsf3
 .text          0x00002252       0x60 f:/imt school/lectures/avr interfacing/imt_sdk_win_64/imt_sdk_win_64/winavr/bin/../lib/gcc/avr/4.3.3/avr5\libgcc.a(_gt_sf.o)
                0x00002252                __gtsf2
 .text          0x000022b2       0x60 f:/imt school/lectures/avr interfacing/imt_sdk_win_64/imt_sdk_win_64/winavr/bin/../lib/gcc/avr/4.3.3/avr5\libgcc.a(_ge_sf.o)
                0x000022b2                __gesf2
 .text          0x00002312       0x60 f:/imt school/lectures/avr interfacing/imt_sdk_win_64/imt_sdk_win_64/winavr/bin/../lib/gcc/avr/4.3.3/avr5\libgcc.a(_lt_sf.o)
                0x00002312                __ltsf2
 .text          0x00002372       0xa8 f:/imt school/lectures/avr interfacing/imt_sdk_win_64/imt_sdk_win_64/winavr/bin/../lib/gcc/avr/4.3.3/avr5\libgcc.a(_sf_to_si.o)
                0x00002372                __fixsfsi
 .text          0x0000241a        0x0 f:/imt school/lectures/avr interfacing/imt_sdk_win_64/imt_sdk_win_64/winavr/bin/../lib/gcc/avr/4.3.3/avr5\libgcc.a(_thenan_sf.o)
 .text          0x0000241a        0x0 f:/imt school/lectures/avr interfacing/imt_sdk_win_64/imt_sdk_win_64/winavr/bin/../lib/gcc/avr/4.3.3/avr5\libgcc.a(_udivmodsi4.o)
 .text          0x0000241a        0x0 f:/imt school/lectures/avr interfacing/imt_sdk_win_64/imt_sdk_win_64/winavr/bin/../lib/gcc/avr/4.3.3/avr5\libgcc.a(_prologue.o)
 .text          0x0000241a        0x0 f:/imt school/lectures/avr interfacing/imt_sdk_win_64/imt_sdk_win_64/winavr/bin/../lib/gcc/avr/4.3.3/avr5\libgcc.a(_epilogue.o)
 .text          0x0000241a        0x0 f:/imt school/lectures/avr interfacing/imt_sdk_win_64/imt_sdk_win_64/winavr/bin/../lib/gcc/avr/4.3.3/avr5\libgcc.a(_clz.o)
 .text          0x0000241a      0x1aa f:/imt school/lectures/avr interfacing/imt_sdk_win_64/imt_sdk_win_64/winavr/bin/../lib/gcc/avr/4.3.3/avr5\libgcc.a(_pack_sf.o)
                0x0000241a                __pack_f
 .text          0x000025c4       0xf0 f:/imt school/lectures/avr interfacing/imt_sdk_win_64/imt_sdk_win_64/winavr/bin/../lib/gcc/avr/4.3.3/avr5\libgcc.a(_unpack_sf.o)
                0x000025c4                __unpack_f
 .text          0x000026b4       0xb2 f:/imt school/lectures/avr interfacing/imt_sdk_win_64/imt_sdk_win_64/winavr/bin/../lib/gcc/avr/4.3.3/avr5\libgcc.a(_fpcmp_parts_sf.o)
                0x000026b4                __fpcmp_parts_f
 .text          0x00002766        0x0 f:/imt school/lectures/avr interfacing/imt_sdk_win_64/imt_sdk_win_64/winavr/bin/../lib/gcc/avr/4.3.3/../../../../avr/lib/avr5\libc.a(strcmp.o)
                0x00002766                . = ALIGN (0x2)
 *(.text.*)
 .text.UART_voidInit
                0x00002766       0x48 ./MCAL/UART/UART_program.o
                0x00002766                UART_voidInit
 .text.UART_voidSendData
                0x000027ae       0x34 ./MCAL/UART/UART_program.o
                0x000027ae                UART_voidSendData
 .text.UART_voidSendsString
                0x000027e2       0x52 ./MCAL/UART/UART_program.o
                0x000027e2                UART_voidSendsString
 .text.UART_u8Receive
                0x00002834       0x1e ./MCAL/UART/UART_program.o
                0x00002834                UART_u8Receive
 .text.TIMER_voidInitT0
                0x00002852       0x70 ./MCAL/TIMER/TIMER_program.o
                0x00002852                TIMER_voidInitT0
 .text.TIMER_voidSetPreloadValT0
                0x000028c2       0x1c ./MCAL/TIMER/TIMER_program.o
                0x000028c2                TIMER_voidSetPreloadValT0
 .text.TIMER_voidSetCompareMatchValT0
                0x000028de       0x1c ./MCAL/TIMER/TIMER_program.o
                0x000028de                TIMER_voidSetCompareMatchValT0
 .text.TIMER_voidSetCallBack
                0x000028fa       0x6c ./MCAL/TIMER/TIMER_program.o
                0x000028fa                TIMER_voidSetCallBack
 .text.__vector_11
                0x00002966       0x66 ./MCAL/TIMER/TIMER_program.o
                0x00002966                __vector_11
 .text.__vector_10
                0x000029cc       0x66 ./MCAL/TIMER/TIMER_program.o
                0x000029cc                __vector_10
 .text.TIMER_voidInitT1
                0x00002a32       0x8c ./MCAL/TIMER/TIMER_program.o
                0x00002a32                TIMER_voidInitT1
 .text.TIMER_voidSetCompareMatchValT1ChanalA
                0x00002abe       0x24 ./MCAL/TIMER/TIMER_program.o
                0x00002abe                TIMER_voidSetCompareMatchValT1ChanalA
 .text.TIMER_voidSetCompareMatchValT1ChanalB
                0x00002ae2       0x24 ./MCAL/TIMER/TIMER_program.o
                0x00002ae2                TIMER_voidSetCompareMatchValT1ChanalB
 .text.TIMER_voidSetInputCaptureRegister
                0x00002b06       0x24 ./MCAL/TIMER/TIMER_program.o
                0x00002b06                TIMER_voidSetInputCaptureRegister
 .text.SPI_voidMasterInit
                0x00002b2a       0x54 ./MCAL/SPI/SPI_program.o
                0x00002b2a                SPI_voidMasterInit
 .text.SPI_voidSlaveInit
                0x00002b7e       0x2a ./MCAL/SPI/SPI_program.o
                0x00002b7e                SPI_voidSlaveInit
 .text.SPI_u8TranciveInit
                0x00002ba8       0x2c ./MCAL/SPI/SPI_program.o
                0x00002ba8                SPI_u8TranciveInit
 .text.GIE_voidEnable
                0x00002bd4       0x1c ./MCAL/GIE/GIE_program.o
                0x00002bd4                GIE_voidEnable
 .text.GIE_voidDisable
                0x00002bf0       0x1c ./MCAL/GIE/GIE_program.o
                0x00002bf0                GIE_voidDisable
 .text.EXTI_voidInit
                0x00002c0c       0x38 ./MCAL/EXTI/EXTI_program.o
                0x00002c0c                EXTI_voidInit
 .text.EXTI_voidEnable
                0x00002c44       0x6e ./MCAL/EXTI/EXTI_program.o
                0x00002c44                EXTI_voidEnable
 .text.EXTI_voidDisable
                0x00002cb2       0x6e ./MCAL/EXTI/EXTI_program.o
                0x00002cb2                EXTI_voidDisable
 .text.EXTI_voidSetSenseControl
                0x00002d20      0x1fe ./MCAL/EXTI/EXTI_program.o
                0x00002d20                EXTI_voidSetSenseControl
 .text.EXTI_voidSetCallBack
                0x00002f1e       0x72 ./MCAL/EXTI/EXTI_program.o
                0x00002f1e                EXTI_voidSetCallBack
 .text.__vector_1
                0x00002f90       0x74 ./MCAL/EXTI/EXTI_program.o
                0x00002f90                __vector_1
 .text.__vector_2
                0x00003004       0x74 ./MCAL/EXTI/EXTI_program.o
                0x00003004                __vector_2
 .text.__vector_3
                0x00003078       0x74 ./MCAL/EXTI/EXTI_program.o
                0x00003078                __vector_3
 .text.DIO_voidSetPinDirection
                0x000030ec      0x22e ./MCAL/DIO/DIO_program.o
                0x000030ec                DIO_voidSetPinDirection
 .text.DIO_voidSetPinValue
                0x0000331a      0x22e ./MCAL/DIO/DIO_program.o
                0x0000331a                DIO_voidSetPinValue
 .text.DIO_u8GetPinValue
                0x00003548       0xf2 ./MCAL/DIO/DIO_program.o
                0x00003548                DIO_u8GetPinValue
 .text.DIO_voidSetPortDirection
                0x0000363a      0x122 ./MCAL/DIO/DIO_program.o
                0x0000363a                DIO_voidSetPortDirection
 .text.DIO_voidSetPortValue
                0x0000375c       0x82 ./MCAL/DIO/DIO_program.o
                0x0000375c                DIO_voidSetPortValue
 .text.DIO_u8GetPortValue
                0x000037de       0x82 ./MCAL/DIO/DIO_program.o
                0x000037de                DIO_u8GetPortValue
 .text.ADC_voidInit
                0x00003860       0x1e ./MCAL/ADC/ADC_program.o
                0x00003860                ADC_voidInit
 .text.ADC_u16ConvertedValue
                0x0000387e       0x92 ./MCAL/ADC/ADC_program.o
                0x0000387e                ADC_u16ConvertedValue
 .text.CLCD_voidInit
                0x00003910      0x5ac ./HAL/CLCD/CLCD_program.o
                0x00003910                CLCD_voidInit
 .text.CLCD_voidSendCommand
                0x00003ebc      0x2b8 ./HAL/CLCD/CLCD_program.o
                0x00003ebc                CLCD_voidSendCommand
 .text.CLCD_voidSendData
                0x00004174      0x2b8 ./HAL/CLCD/CLCD_program.o
                0x00004174                CLCD_voidSendData
 .text.CLCD_voidSetPosition
                0x0000442c       0x4e ./HAL/CLCD/CLCD_program.o
                0x0000442c                CLCD_voidSetPosition
 .text.CLCD_voidSendString
                0x0000447a       0x52 ./HAL/CLCD/CLCD_program.o
                0x0000447a                CLCD_voidSendString
 .text.CLCD_voidSendExtraCharacter
                0x000044cc       0x82 ./HAL/CLCD/CLCD_program.o
                0x000044cc                CLCD_voidSendExtraCharacter
 .text.CLCD_voidSendNumber
                0x0000454e      0x876 ./HAL/CLCD/CLCD_program.o
                0x0000454e                CLCD_voidSendNumber
 .text.main     0x00004dc4      0x27e ./APP/main.o
                0x00004dc4                main
 .text.Update_LCD_Display
                0x00005042       0x90 ./APP/main.o
                0x00005042                Update_LCD_Display
 .text.UART_ReceiveCommand_NonBlocking
                0x000050d2       0x8c ./APP/main.o
                0x000050d2                UART_ReceiveCommand_NonBlocking
 .text.CalcTempSensReading
                0x0000515e      0x110 ./APP/main.o
                0x0000515e                CalcTempSensReading
 .text.Func_Login
                0x0000526e      0x354 ./APP/main.o
                0x0000526e                Func_Login
 .text.libgcc   0x000055c2       0x3e f:/imt school/lectures/avr interfacing/imt_sdk_win_64/imt_sdk_win_64/winavr/bin/../lib/gcc/avr/4.3.3/avr5\libgcc.a(_mulsi3.o)
                0x000055c2                __mulsi3
 .text.libgcc   0x00005600       0x18 f:/imt school/lectures/avr interfacing/imt_sdk_win_64/imt_sdk_win_64/winavr/bin/../lib/gcc/avr/4.3.3/avr5\libgcc.a(_udivmodqi4.o)
                0x00005600                __udivmodqi4
 .text.libgcc   0x00005618       0x28 f:/imt school/lectures/avr interfacing/imt_sdk_win_64/imt_sdk_win_64/winavr/bin/../lib/gcc/avr/4.3.3/avr5\libgcc.a(_udivmodhi4.o)
                0x00005618                __udivmodhi4
 .text.libgcc   0x00005640       0x26 f:/imt school/lectures/avr interfacing/imt_sdk_win_64/imt_sdk_win_64/winavr/bin/../lib/gcc/avr/4.3.3/avr5\libgcc.a(_divmodhi4.o)
                0x00005640                __divmodhi4
                0x00005640                _div
 .text.libgcc   0x00005666        0x0 f:/imt school/lectures/avr interfacing/imt_sdk_win_64/imt_sdk_win_64/winavr/bin/../lib/gcc/avr/4.3.3/avr5\libgcc.a(_exit.o)
 .text.libgcc   0x00005666        0x0 f:/imt school/lectures/avr interfacing/imt_sdk_win_64/imt_sdk_win_64/winavr/bin/../lib/gcc/avr/4.3.3/avr5\libgcc.a(_copy_data.o)
 .text.libgcc   0x00005666        0x0 f:/imt school/lectures/avr interfacing/imt_sdk_win_64/imt_sdk_win_64/winavr/bin/../lib/gcc/avr/4.3.3/avr5\libgcc.a(_clear_bss.o)
 .text.libgcc   0x00005666       0x44 f:/imt school/lectures/avr interfacing/imt_sdk_win_64/imt_sdk_win_64/winavr/bin/../lib/gcc/avr/4.3.3/avr5\libgcc.a(_udivmodsi4.o)
                0x00005666                __udivmodsi4
 .text.libgcc   0x000056aa       0x38 f:/imt school/lectures/avr interfacing/imt_sdk_win_64/imt_sdk_win_64/winavr/bin/../lib/gcc/avr/4.3.3/avr5\libgcc.a(_prologue.o)
                0x000056aa                __prologue_saves__
 .text.libgcc   0x000056e2       0x36 f:/imt school/lectures/avr interfacing/imt_sdk_win_64/imt_sdk_win_64/winavr/bin/../lib/gcc/avr/4.3.3/avr5\libgcc.a(_epilogue.o)
                0x000056e2                __epilogue_restores__
 .text.avr-libc
                0x00005718       0x12 f:/imt school/lectures/avr interfacing/imt_sdk_win_64/imt_sdk_win_64/winavr/bin/../lib/gcc/avr/4.3.3/../../../../avr/lib/avr5\libc.a(strcmp.o)
                0x00005718                strcmp
                0x0000572a                . = ALIGN (0x2)
 *(.fini9)
 .fini9         0x0000572a        0x0 f:/imt school/lectures/avr interfacing/imt_sdk_win_64/imt_sdk_win_64/winavr/bin/../lib/gcc/avr/4.3.3/avr5\libgcc.a(_exit.o)
                0x0000572a                exit
                0x0000572a                _exit
 *(.fini9)
 *(.fini8)
 *(.fini8)
 *(.fini7)
 *(.fini7)
 *(.fini6)
 *(.fini6)
 *(.fini5)
 *(.fini5)
 *(.fini4)
 *(.fini4)
 *(.fini3)
 *(.fini3)
 *(.fini2)
 *(.fini2)
 *(.fini1)
 *(.fini1)
 *(.fini0)
 .fini0         0x0000572a        0x4 f:/imt school/lectures/avr interfacing/imt_sdk_win_64/imt_sdk_win_64/winavr/bin/../lib/gcc/avr/4.3.3/avr5\libgcc.a(_exit.o)
 *(.fini0)
                0x0000572e                _etext = .

.data           0x00800060      0x1a4 load address 0x0000572e
                0x00800060                PROVIDE (__data_start, .)
 *(.data)
 .data          0x00800060        0x0 f:/imt school/lectures/avr interfacing/imt_sdk_win_64/imt_sdk_win_64/winavr/bin/../lib/gcc/avr/4.3.3/../../../../avr/lib/avr5/crtm32.o
 .data          0x00800060        0x0 ./MCAL/UART/UART_program.o
 .data          0x00800060        0x0 ./MCAL/TIMER/TIMER_program.o
 .data          0x00800060        0x0 ./MCAL/SPI/SPI_program.o
 .data          0x00800060        0x0 ./MCAL/GIE/GIE_program.o
 .data          0x00800060        0x0 ./MCAL/EXTI/EXTI_program.o
 .data          0x00800060        0x0 ./MCAL/DIO/DIO_program.o
 .data          0x00800060        0x0 ./MCAL/ADC/ADC_program.o
 .data          0x00800060        0x0 ./HAL/CLCD/CLCD_program.o
 .data          0x00800060       0x5f ./APP/main.o
 .data          0x008000bf        0x0 f:/imt school/lectures/avr interfacing/imt_sdk_win_64/imt_sdk_win_64/winavr/bin/../lib/gcc/avr/4.3.3/avr5\libgcc.a(_mulsi3.o)
 .data          0x008000bf        0x0 f:/imt school/lectures/avr interfacing/imt_sdk_win_64/imt_sdk_win_64/winavr/bin/../lib/gcc/avr/4.3.3/avr5\libgcc.a(_udivmodqi4.o)
 .data          0x008000bf        0x0 f:/imt school/lectures/avr interfacing/imt_sdk_win_64/imt_sdk_win_64/winavr/bin/../lib/gcc/avr/4.3.3/avr5\libgcc.a(_udivmodhi4.o)
 .data          0x008000bf        0x0 f:/imt school/lectures/avr interfacing/imt_sdk_win_64/imt_sdk_win_64/winavr/bin/../lib/gcc/avr/4.3.3/avr5\libgcc.a(_divmodhi4.o)
 .data          0x008000bf        0x0 f:/imt school/lectures/avr interfacing/imt_sdk_win_64/imt_sdk_win_64/winavr/bin/../lib/gcc/avr/4.3.3/avr5\libgcc.a(_exit.o)
 .data          0x008000bf        0x0 f:/imt school/lectures/avr interfacing/imt_sdk_win_64/imt_sdk_win_64/winavr/bin/../lib/gcc/avr/4.3.3/avr5\libgcc.a(_copy_data.o)
 .data          0x008000bf        0x0 f:/imt school/lectures/avr interfacing/imt_sdk_win_64/imt_sdk_win_64/winavr/bin/../lib/gcc/avr/4.3.3/avr5\libgcc.a(_clear_bss.o)
 .data          0x008000bf        0x0 f:/imt school/lectures/avr interfacing/imt_sdk_win_64/imt_sdk_win_64/winavr/bin/../lib/gcc/avr/4.3.3/avr5\libgcc.a(_ashldi3.o)
 .data          0x008000bf        0x0 f:/imt school/lectures/avr interfacing/imt_sdk_win_64/imt_sdk_win_64/winavr/bin/../lib/gcc/avr/4.3.3/avr5\libgcc.a(_fixunssfsi.o)
 .data          0x008000bf        0x0 f:/imt school/lectures/avr interfacing/imt_sdk_win_64/imt_sdk_win_64/winavr/bin/../lib/gcc/avr/4.3.3/avr5\libgcc.a(_udivdi3.o)
 .data          0x008000bf        0x0 f:/imt school/lectures/avr interfacing/imt_sdk_win_64/imt_sdk_win_64/winavr/bin/../lib/gcc/avr/4.3.3/avr5\libgcc.a(_umoddi3.o)
 .data          0x008000bf        0x0 f:/imt school/lectures/avr interfacing/imt_sdk_win_64/imt_sdk_win_64/winavr/bin/../lib/gcc/avr/4.3.3/avr5\libgcc.a(_addsub_sf.o)
 .data          0x008000bf        0x0 f:/imt school/lectures/avr interfacing/imt_sdk_win_64/imt_sdk_win_64/winavr/bin/../lib/gcc/avr/4.3.3/avr5\libgcc.a(_mul_sf.o)
 .data          0x008000bf        0x0 f:/imt school/lectures/avr interfacing/imt_sdk_win_64/imt_sdk_win_64/winavr/bin/../lib/gcc/avr/4.3.3/avr5\libgcc.a(_div_sf.o)
 .data          0x008000bf        0x0 f:/imt school/lectures/avr interfacing/imt_sdk_win_64/imt_sdk_win_64/winavr/bin/../lib/gcc/avr/4.3.3/avr5\libgcc.a(_gt_sf.o)
 .data          0x008000bf        0x0 f:/imt school/lectures/avr interfacing/imt_sdk_win_64/imt_sdk_win_64/winavr/bin/../lib/gcc/avr/4.3.3/avr5\libgcc.a(_ge_sf.o)
 .data          0x008000bf        0x0 f:/imt school/lectures/avr interfacing/imt_sdk_win_64/imt_sdk_win_64/winavr/bin/../lib/gcc/avr/4.3.3/avr5\libgcc.a(_lt_sf.o)
 .data          0x008000bf        0x0 f:/imt school/lectures/avr interfacing/imt_sdk_win_64/imt_sdk_win_64/winavr/bin/../lib/gcc/avr/4.3.3/avr5\libgcc.a(_sf_to_si.o)
 .data          0x008000bf        0x8 f:/imt school/lectures/avr interfacing/imt_sdk_win_64/imt_sdk_win_64/winavr/bin/../lib/gcc/avr/4.3.3/avr5\libgcc.a(_thenan_sf.o)
                0x008000bf                __thenan_sf
 .data          0x008000c7        0x0 f:/imt school/lectures/avr interfacing/imt_sdk_win_64/imt_sdk_win_64/winavr/bin/../lib/gcc/avr/4.3.3/avr5\libgcc.a(_udivmodsi4.o)
 .data          0x008000c7        0x0 f:/imt school/lectures/avr interfacing/imt_sdk_win_64/imt_sdk_win_64/winavr/bin/../lib/gcc/avr/4.3.3/avr5\libgcc.a(_prologue.o)
 .data          0x008000c7        0x0 f:/imt school/lectures/avr interfacing/imt_sdk_win_64/imt_sdk_win_64/winavr/bin/../lib/gcc/avr/4.3.3/avr5\libgcc.a(_epilogue.o)
 .data          0x008000c7      0x100 f:/imt school/lectures/avr interfacing/imt_sdk_win_64/imt_sdk_win_64/winavr/bin/../lib/gcc/avr/4.3.3/avr5\libgcc.a(_clz.o)
                0x008000c7                __clz_tab
 .data          0x008001c7        0x0 f:/imt school/lectures/avr interfacing/imt_sdk_win_64/imt_sdk_win_64/winavr/bin/../lib/gcc/avr/4.3.3/avr5\libgcc.a(_pack_sf.o)
 .data          0x008001c7        0x0 f:/imt school/lectures/avr interfacing/imt_sdk_win_64/imt_sdk_win_64/winavr/bin/../lib/gcc/avr/4.3.3/avr5\libgcc.a(_unpack_sf.o)
 .data          0x008001c7        0x0 f:/imt school/lectures/avr interfacing/imt_sdk_win_64/imt_sdk_win_64/winavr/bin/../lib/gcc/avr/4.3.3/avr5\libgcc.a(_fpcmp_parts_sf.o)
 .data          0x008001c7        0x0 f:/imt school/lectures/avr interfacing/imt_sdk_win_64/imt_sdk_win_64/winavr/bin/../lib/gcc/avr/4.3.3/../../../../avr/lib/avr5\libc.a(strcmp.o)
 *(.data*)
 .data.Users    0x008001c7       0x1e ./APP/main.o
                0x008001c7                Users
 .data.Passw    0x008001e5       0x1e ./APP/main.o
                0x008001e5                Passw
 *(.rodata)
 *(.rodata*)
 *(.gnu.linkonce.d*)
                0x00800204                . = ALIGN (0x2)
 *fill*         0x00800203        0x1 00
                0x00800204                _edata = .
                0x00800204                PROVIDE (__data_end, .)

.bss            0x00800204       0x18
                0x00800204                PROVIDE (__bss_start, .)
 *(.bss)
 .bss           0x00800204        0x0 f:/imt school/lectures/avr interfacing/imt_sdk_win_64/imt_sdk_win_64/winavr/bin/../lib/gcc/avr/4.3.3/../../../../avr/lib/avr5/crtm32.o
 .bss           0x00800204        0x0 ./MCAL/UART/UART_program.o
 .bss           0x00800204        0x0 ./MCAL/TIMER/TIMER_program.o
 .bss           0x00800204        0x0 ./MCAL/SPI/SPI_program.o
 .bss           0x00800204        0x0 ./MCAL/GIE/GIE_program.o
 .bss           0x00800204        0x0 ./MCAL/EXTI/EXTI_program.o
 .bss           0x00800204        0x0 ./MCAL/DIO/DIO_program.o
 .bss           0x00800204        0x0 ./MCAL/ADC/ADC_program.o
 .bss           0x00800204        0x0 ./HAL/CLCD/CLCD_program.o
 .bss           0x00800204        0x0 ./APP/main.o
 .bss           0x00800204        0x0 f:/imt school/lectures/avr interfacing/imt_sdk_win_64/imt_sdk_win_64/winavr/bin/../lib/gcc/avr/4.3.3/avr5\libgcc.a(_mulsi3.o)
 .bss           0x00800204        0x0 f:/imt school/lectures/avr interfacing/imt_sdk_win_64/imt_sdk_win_64/winavr/bin/../lib/gcc/avr/4.3.3/avr5\libgcc.a(_udivmodqi4.o)
 .bss           0x00800204        0x0 f:/imt school/lectures/avr interfacing/imt_sdk_win_64/imt_sdk_win_64/winavr/bin/../lib/gcc/avr/4.3.3/avr5\libgcc.a(_udivmodhi4.o)
 .bss           0x00800204        0x0 f:/imt school/lectures/avr interfacing/imt_sdk_win_64/imt_sdk_win_64/winavr/bin/../lib/gcc/avr/4.3.3/avr5\libgcc.a(_divmodhi4.o)
 .bss           0x00800204        0x0 f:/imt school/lectures/avr interfacing/imt_sdk_win_64/imt_sdk_win_64/winavr/bin/../lib/gcc/avr/4.3.3/avr5\libgcc.a(_exit.o)
 .bss           0x00800204        0x0 f:/imt school/lectures/avr interfacing/imt_sdk_win_64/imt_sdk_win_64/winavr/bin/../lib/gcc/avr/4.3.3/avr5\libgcc.a(_copy_data.o)
 .bss           0x00800204        0x0 f:/imt school/lectures/avr interfacing/imt_sdk_win_64/imt_sdk_win_64/winavr/bin/../lib/gcc/avr/4.3.3/avr5\libgcc.a(_clear_bss.o)
 .bss           0x00800204        0x0 f:/imt school/lectures/avr interfacing/imt_sdk_win_64/imt_sdk_win_64/winavr/bin/../lib/gcc/avr/4.3.3/avr5\libgcc.a(_ashldi3.o)
 .bss           0x00800204        0x0 f:/imt school/lectures/avr interfacing/imt_sdk_win_64/imt_sdk_win_64/winavr/bin/../lib/gcc/avr/4.3.3/avr5\libgcc.a(_fixunssfsi.o)
 .bss           0x00800204        0x0 f:/imt school/lectures/avr interfacing/imt_sdk_win_64/imt_sdk_win_64/winavr/bin/../lib/gcc/avr/4.3.3/avr5\libgcc.a(_udivdi3.o)
 .bss           0x00800204        0x0 f:/imt school/lectures/avr interfacing/imt_sdk_win_64/imt_sdk_win_64/winavr/bin/../lib/gcc/avr/4.3.3/avr5\libgcc.a(_umoddi3.o)
 .bss           0x00800204        0x0 f:/imt school/lectures/avr interfacing/imt_sdk_win_64/imt_sdk_win_64/winavr/bin/../lib/gcc/avr/4.3.3/avr5\libgcc.a(_addsub_sf.o)
 .bss           0x00800204        0x0 f:/imt school/lectures/avr interfacing/imt_sdk_win_64/imt_sdk_win_64/winavr/bin/../lib/gcc/avr/4.3.3/avr5\libgcc.a(_mul_sf.o)
 .bss           0x00800204        0x0 f:/imt school/lectures/avr interfacing/imt_sdk_win_64/imt_sdk_win_64/winavr/bin/../lib/gcc/avr/4.3.3/avr5\libgcc.a(_div_sf.o)
 .bss           0x00800204        0x0 f:/imt school/lectures/avr interfacing/imt_sdk_win_64/imt_sdk_win_64/winavr/bin/../lib/gcc/avr/4.3.3/avr5\libgcc.a(_gt_sf.o)
 .bss           0x00800204        0x0 f:/imt school/lectures/avr interfacing/imt_sdk_win_64/imt_sdk_win_64/winavr/bin/../lib/gcc/avr/4.3.3/avr5\libgcc.a(_ge_sf.o)
 .bss           0x00800204        0x0 f:/imt school/lectures/avr interfacing/imt_sdk_win_64/imt_sdk_win_64/winavr/bin/../lib/gcc/avr/4.3.3/avr5\libgcc.a(_lt_sf.o)
 .bss           0x00800204        0x0 f:/imt school/lectures/avr interfacing/imt_sdk_win_64/imt_sdk_win_64/winavr/bin/../lib/gcc/avr/4.3.3/avr5\libgcc.a(_sf_to_si.o)
 .bss           0x00800204        0x0 f:/imt school/lectures/avr interfacing/imt_sdk_win_64/imt_sdk_win_64/winavr/bin/../lib/gcc/avr/4.3.3/avr5\libgcc.a(_thenan_sf.o)
 .bss           0x00800204        0x0 f:/imt school/lectures/avr interfacing/imt_sdk_win_64/imt_sdk_win_64/winavr/bin/../lib/gcc/avr/4.3.3/avr5\libgcc.a(_udivmodsi4.o)
 .bss           0x00800204        0x0 f:/imt school/lectures/avr interfacing/imt_sdk_win_64/imt_sdk_win_64/winavr/bin/../lib/gcc/avr/4.3.3/avr5\libgcc.a(_prologue.o)
 .bss           0x00800204        0x0 f:/imt school/lectures/avr interfacing/imt_sdk_win_64/imt_sdk_win_64/winavr/bin/../lib/gcc/avr/4.3.3/avr5\libgcc.a(_epilogue.o)
 .bss           0x00800204        0x0 f:/imt school/lectures/avr interfacing/imt_sdk_win_64/imt_sdk_win_64/winavr/bin/../lib/gcc/avr/4.3.3/avr5\libgcc.a(_clz.o)
 .bss           0x00800204        0x0 f:/imt school/lectures/avr interfacing/imt_sdk_win_64/imt_sdk_win_64/winavr/bin/../lib/gcc/avr/4.3.3/avr5\libgcc.a(_pack_sf.o)
 .bss           0x00800204        0x0 f:/imt school/lectures/avr interfacing/imt_sdk_win_64/imt_sdk_win_64/winavr/bin/../lib/gcc/avr/4.3.3/avr5\libgcc.a(_unpack_sf.o)
 .bss           0x00800204        0x0 f:/imt school/lectures/avr interfacing/imt_sdk_win_64/imt_sdk_win_64/winavr/bin/../lib/gcc/avr/4.3.3/avr5\libgcc.a(_fpcmp_parts_sf.o)
 .bss           0x00800204        0x0 f:/imt school/lectures/avr interfacing/imt_sdk_win_64/imt_sdk_win_64/winavr/bin/../lib/gcc/avr/4.3.3/../../../../avr/lib/avr5\libc.a(strcmp.o)
 *(.bss*)
 .bss.pf_NotificationOVFT0
                0x00800204        0x2 ./MCAL/TIMER/TIMER_program.o
                0x00800204                pf_NotificationOVFT0
 .bss.pf_NotificationCTCT0
                0x00800206        0x2 ./MCAL/TIMER/TIMER_program.o
                0x00800206                pf_NotificationCTCT0
 .bss.Global_pfINT0
                0x00800208        0x2 ./MCAL/EXTI/EXTI_program.o
 .bss.Global_pfINT1
                0x0080020a        0x2 ./MCAL/EXTI/EXTI_program.o
 .bss.Global_pfINT2
                0x0080020c        0x2 ./MCAL/EXTI/EXTI_program.o
 .bss.i.1559    0x0080020e        0x1 ./APP/main.o
 .bss.sum.1589  0x0080020f        0x2 ./APP/main.o
 .bss.index.1588
                0x00800211        0x1 ./APP/main.o
 .bss.samples.1587
                0x00800212        0xa ./APP/main.o
 *(COMMON)
                0x0080021c                PROVIDE (__bss_end, .)
                0x0000572e                __data_load_start = LOADADDR (.data)
                0x000058d2                __data_load_end = (__data_load_start + SIZEOF (.data))

.noinit         0x0080021c        0x0
                0x0080021c                PROVIDE (__noinit_start, .)
 *(.noinit*)
                0x0080021c                PROVIDE (__noinit_end, .)
                0x0080021c                _end = .
                0x0080021c                PROVIDE (__heap_start, .)

.eeprom         0x00810000        0x0
 *(.eeprom*)
                0x00810000                __eeprom_end = .

.fuse
 *(.fuse)
 *(.lfuse)
 *(.hfuse)
 *(.efuse)

.lock
 *(.lock*)

.signature
 *(.signature*)

.stab           0x00000000     0x31e0
 *(.stab)
 .stab          0x00000000      0x2dc ./MCAL/UART/UART_program.o
 .stab          0x000002dc      0x4a4 ./MCAL/TIMER/TIMER_program.o
                                0x4b0 (size before relaxing)
 .stab          0x00000780      0x258 ./MCAL/SPI/SPI_program.o
                                0x264 (size before relaxing)
 .stab          0x000009d8      0x1c8 ./MCAL/GIE/GIE_program.o
                                0x1d4 (size before relaxing)
 .stab          0x00000ba0      0x51c ./MCAL/EXTI/EXTI_program.o
                                0x528 (size before relaxing)
 .stab          0x000010bc      0x5c4 ./MCAL/DIO/DIO_program.o
                                0x5d0 (size before relaxing)
 .stab          0x00001680      0x258 ./MCAL/ADC/ADC_program.o
                                0x264 (size before relaxing)
 .stab          0x000018d8      0xe7c ./HAL/CLCD/CLCD_program.o
                                0xe88 (size before relaxing)
 .stab          0x00002754      0xa8c ./APP/main.o
                                0xc24 (size before relaxing)

.stabstr        0x00000000     0x160c
 *(.stabstr)
 .stabstr       0x00000000     0x160c ./MCAL/UART/UART_program.o

.stab.excl
 *(.stab.excl)

.stab.exclstr
 *(.stab.exclstr)

.stab.index
 *(.stab.index)

.stab.indexstr
 *(.stab.indexstr)

.comment
 *(.comment)

.debug
 *(.debug)

.line
 *(.line)

.debug_srcinfo
 *(.debug_srcinfo)

.debug_sfnames
 *(.debug_sfnames)

.debug_aranges  0x00000000      0x1c0
 *(.debug_aranges)
 .debug_aranges
                0x00000000       0x20 f:/imt school/lectures/avr interfacing/imt_sdk_win_64/imt_sdk_win_64/winavr/bin/../lib/gcc/avr/4.3.3/avr5\libgcc.a(_ashldi3.o)
 .debug_aranges
                0x00000020       0x20 f:/imt school/lectures/avr interfacing/imt_sdk_win_64/imt_sdk_win_64/winavr/bin/../lib/gcc/avr/4.3.3/avr5\libgcc.a(_fixunssfsi.o)
 .debug_aranges
                0x00000040       0x20 f:/imt school/lectures/avr interfacing/imt_sdk_win_64/imt_sdk_win_64/winavr/bin/../lib/gcc/avr/4.3.3/avr5\libgcc.a(_udivdi3.o)
 .debug_aranges
                0x00000060       0x20 f:/imt school/lectures/avr interfacing/imt_sdk_win_64/imt_sdk_win_64/winavr/bin/../lib/gcc/avr/4.3.3/avr5\libgcc.a(_umoddi3.o)
 .debug_aranges
                0x00000080       0x20 f:/imt school/lectures/avr interfacing/imt_sdk_win_64/imt_sdk_win_64/winavr/bin/../lib/gcc/avr/4.3.3/avr5\libgcc.a(_addsub_sf.o)
 .debug_aranges
                0x000000a0       0x20 f:/imt school/lectures/avr interfacing/imt_sdk_win_64/imt_sdk_win_64/winavr/bin/../lib/gcc/avr/4.3.3/avr5\libgcc.a(_mul_sf.o)
 .debug_aranges
                0x000000c0       0x20 f:/imt school/lectures/avr interfacing/imt_sdk_win_64/imt_sdk_win_64/winavr/bin/../lib/gcc/avr/4.3.3/avr5\libgcc.a(_div_sf.o)
 .debug_aranges
                0x000000e0       0x20 f:/imt school/lectures/avr interfacing/imt_sdk_win_64/imt_sdk_win_64/winavr/bin/../lib/gcc/avr/4.3.3/avr5\libgcc.a(_gt_sf.o)
 .debug_aranges
                0x00000100       0x20 f:/imt school/lectures/avr interfacing/imt_sdk_win_64/imt_sdk_win_64/winavr/bin/../lib/gcc/avr/4.3.3/avr5\libgcc.a(_ge_sf.o)
 .debug_aranges
                0x00000120       0x20 f:/imt school/lectures/avr interfacing/imt_sdk_win_64/imt_sdk_win_64/winavr/bin/../lib/gcc/avr/4.3.3/avr5\libgcc.a(_lt_sf.o)
 .debug_aranges
                0x00000140       0x20 f:/imt school/lectures/avr interfacing/imt_sdk_win_64/imt_sdk_win_64/winavr/bin/../lib/gcc/avr/4.3.3/avr5\libgcc.a(_sf_to_si.o)
 .debug_aranges
                0x00000160       0x20 f:/imt school/lectures/avr interfacing/imt_sdk_win_64/imt_sdk_win_64/winavr/bin/../lib/gcc/avr/4.3.3/avr5\libgcc.a(_pack_sf.o)
 .debug_aranges
                0x00000180       0x20 f:/imt school/lectures/avr interfacing/imt_sdk_win_64/imt_sdk_win_64/winavr/bin/../lib/gcc/avr/4.3.3/avr5\libgcc.a(_unpack_sf.o)
 .debug_aranges
                0x000001a0       0x20 f:/imt school/lectures/avr interfacing/imt_sdk_win_64/imt_sdk_win_64/winavr/bin/../lib/gcc/avr/4.3.3/avr5\libgcc.a(_fpcmp_parts_sf.o)

.debug_pubnames
                0x00000000      0x20f
 *(.debug_pubnames)
 .debug_pubnames
                0x00000000       0x20 f:/imt school/lectures/avr interfacing/imt_sdk_win_64/imt_sdk_win_64/winavr/bin/../lib/gcc/avr/4.3.3/avr5\libgcc.a(_ashldi3.o)
 .debug_pubnames
                0x00000020       0x23 f:/imt school/lectures/avr interfacing/imt_sdk_win_64/imt_sdk_win_64/winavr/bin/../lib/gcc/avr/4.3.3/avr5\libgcc.a(_fixunssfsi.o)
 .debug_pubnames
                0x00000043       0x20 f:/imt school/lectures/avr interfacing/imt_sdk_win_64/imt_sdk_win_64/winavr/bin/../lib/gcc/avr/4.3.3/avr5\libgcc.a(_udivdi3.o)
 .debug_pubnames
                0x00000063       0x20 f:/imt school/lectures/avr interfacing/imt_sdk_win_64/imt_sdk_win_64/winavr/bin/../lib/gcc/avr/4.3.3/avr5\libgcc.a(_umoddi3.o)
 .debug_pubnames
                0x00000083       0x2c f:/imt school/lectures/avr interfacing/imt_sdk_win_64/imt_sdk_win_64/winavr/bin/../lib/gcc/avr/4.3.3/avr5\libgcc.a(_addsub_sf.o)
 .debug_pubnames
                0x000000af       0x1f f:/imt school/lectures/avr interfacing/imt_sdk_win_64/imt_sdk_win_64/winavr/bin/../lib/gcc/avr/4.3.3/avr5\libgcc.a(_mul_sf.o)
 .debug_pubnames
                0x000000ce       0x1f f:/imt school/lectures/avr interfacing/imt_sdk_win_64/imt_sdk_win_64/winavr/bin/../lib/gcc/avr/4.3.3/avr5\libgcc.a(_div_sf.o)
 .debug_pubnames
                0x000000ed       0x1e f:/imt school/lectures/avr interfacing/imt_sdk_win_64/imt_sdk_win_64/winavr/bin/../lib/gcc/avr/4.3.3/avr5\libgcc.a(_gt_sf.o)
 .debug_pubnames
                0x0000010b       0x1e f:/imt school/lectures/avr interfacing/imt_sdk_win_64/imt_sdk_win_64/winavr/bin/../lib/gcc/avr/4.3.3/avr5\libgcc.a(_ge_sf.o)
 .debug_pubnames
                0x00000129       0x1e f:/imt school/lectures/avr interfacing/imt_sdk_win_64/imt_sdk_win_64/winavr/bin/../lib/gcc/avr/4.3.3/avr5\libgcc.a(_lt_sf.o)
 .debug_pubnames
                0x00000147       0x20 f:/imt school/lectures/avr interfacing/imt_sdk_win_64/imt_sdk_win_64/winavr/bin/../lib/gcc/avr/4.3.3/avr5\libgcc.a(_sf_to_si.o)
 .debug_pubnames
                0x00000167       0x22 f:/imt school/lectures/avr interfacing/imt_sdk_win_64/imt_sdk_win_64/winavr/bin/../lib/gcc/avr/4.3.3/avr5\libgcc.a(_thenan_sf.o)
 .debug_pubnames
                0x00000189       0x20 f:/imt school/lectures/avr interfacing/imt_sdk_win_64/imt_sdk_win_64/winavr/bin/../lib/gcc/avr/4.3.3/avr5\libgcc.a(_clz.o)
 .debug_pubnames
                0x000001a9       0x1f f:/imt school/lectures/avr interfacing/imt_sdk_win_64/imt_sdk_win_64/winavr/bin/../lib/gcc/avr/4.3.3/avr5\libgcc.a(_pack_sf.o)
 .debug_pubnames
                0x000001c8       0x21 f:/imt school/lectures/avr interfacing/imt_sdk_win_64/imt_sdk_win_64/winavr/bin/../lib/gcc/avr/4.3.3/avr5\libgcc.a(_unpack_sf.o)
 .debug_pubnames
                0x000001e9       0x26 f:/imt school/lectures/avr interfacing/imt_sdk_win_64/imt_sdk_win_64/winavr/bin/../lib/gcc/avr/4.3.3/avr5\libgcc.a(_fpcmp_parts_sf.o)

.debug_info     0x00000000     0x30e2
 *(.debug_info)
 .debug_info    0x00000000      0x17f f:/imt school/lectures/avr interfacing/imt_sdk_win_64/imt_sdk_win_64/winavr/bin/../lib/gcc/avr/4.3.3/avr5\libgcc.a(_ashldi3.o)
 .debug_info    0x0000017f       0xb1 f:/imt school/lectures/avr interfacing/imt_sdk_win_64/imt_sdk_win_64/winavr/bin/../lib/gcc/avr/4.3.3/avr5\libgcc.a(_fixunssfsi.o)
 .debug_info    0x00000230      0x71e f:/imt school/lectures/avr interfacing/imt_sdk_win_64/imt_sdk_win_64/winavr/bin/../lib/gcc/avr/4.3.3/avr5\libgcc.a(_udivdi3.o)
 .debug_info    0x0000094e      0x757 f:/imt school/lectures/avr interfacing/imt_sdk_win_64/imt_sdk_win_64/winavr/bin/../lib/gcc/avr/4.3.3/avr5\libgcc.a(_umoddi3.o)
 .debug_info    0x000010a5      0x47a f:/imt school/lectures/avr interfacing/imt_sdk_win_64/imt_sdk_win_64/winavr/bin/../lib/gcc/avr/4.3.3/avr5\libgcc.a(_addsub_sf.o)
 .debug_info    0x0000151f      0x485 f:/imt school/lectures/avr interfacing/imt_sdk_win_64/imt_sdk_win_64/winavr/bin/../lib/gcc/avr/4.3.3/avr5\libgcc.a(_mul_sf.o)
 .debug_info    0x000019a4      0x3fc f:/imt school/lectures/avr interfacing/imt_sdk_win_64/imt_sdk_win_64/winavr/bin/../lib/gcc/avr/4.3.3/avr5\libgcc.a(_div_sf.o)
 .debug_info    0x00001da0      0x27f f:/imt school/lectures/avr interfacing/imt_sdk_win_64/imt_sdk_win_64/winavr/bin/../lib/gcc/avr/4.3.3/avr5\libgcc.a(_gt_sf.o)
 .debug_info    0x0000201f      0x27f f:/imt school/lectures/avr interfacing/imt_sdk_win_64/imt_sdk_win_64/winavr/bin/../lib/gcc/avr/4.3.3/avr5\libgcc.a(_ge_sf.o)
 .debug_info    0x0000229e      0x27f f:/imt school/lectures/avr interfacing/imt_sdk_win_64/imt_sdk_win_64/winavr/bin/../lib/gcc/avr/4.3.3/avr5\libgcc.a(_lt_sf.o)
 .debug_info    0x0000251d      0x2b0 f:/imt school/lectures/avr interfacing/imt_sdk_win_64/imt_sdk_win_64/winavr/bin/../lib/gcc/avr/4.3.3/avr5\libgcc.a(_sf_to_si.o)
 .debug_info    0x000027cd      0x12c f:/imt school/lectures/avr interfacing/imt_sdk_win_64/imt_sdk_win_64/winavr/bin/../lib/gcc/avr/4.3.3/avr5\libgcc.a(_thenan_sf.o)
 .debug_info    0x000028f9       0xa9 f:/imt school/lectures/avr interfacing/imt_sdk_win_64/imt_sdk_win_64/winavr/bin/../lib/gcc/avr/4.3.3/avr5\libgcc.a(_clz.o)
 .debug_info    0x000029a2      0x2df f:/imt school/lectures/avr interfacing/imt_sdk_win_64/imt_sdk_win_64/winavr/bin/../lib/gcc/avr/4.3.3/avr5\libgcc.a(_pack_sf.o)
 .debug_info    0x00002c81      0x251 f:/imt school/lectures/avr interfacing/imt_sdk_win_64/imt_sdk_win_64/winavr/bin/../lib/gcc/avr/4.3.3/avr5\libgcc.a(_unpack_sf.o)
 .debug_info    0x00002ed2      0x210 f:/imt school/lectures/avr interfacing/imt_sdk_win_64/imt_sdk_win_64/winavr/bin/../lib/gcc/avr/4.3.3/avr5\libgcc.a(_fpcmp_parts_sf.o)
 *(.gnu.linkonce.wi.*)

.debug_abbrev   0x00000000     0x156a
 *(.debug_abbrev)
 .debug_abbrev  0x00000000       0xee f:/imt school/lectures/avr interfacing/imt_sdk_win_64/imt_sdk_win_64/winavr/bin/../lib/gcc/avr/4.3.3/avr5\libgcc.a(_ashldi3.o)
 .debug_abbrev  0x000000ee       0x5d f:/imt school/lectures/avr interfacing/imt_sdk_win_64/imt_sdk_win_64/winavr/bin/../lib/gcc/avr/4.3.3/avr5\libgcc.a(_fixunssfsi.o)
 .debug_abbrev  0x0000014b      0x181 f:/imt school/lectures/avr interfacing/imt_sdk_win_64/imt_sdk_win_64/winavr/bin/../lib/gcc/avr/4.3.3/avr5\libgcc.a(_udivdi3.o)
 .debug_abbrev  0x000002cc      0x190 f:/imt school/lectures/avr interfacing/imt_sdk_win_64/imt_sdk_win_64/winavr/bin/../lib/gcc/avr/4.3.3/avr5\libgcc.a(_umoddi3.o)
 .debug_abbrev  0x0000045c      0x1ea f:/imt school/lectures/avr interfacing/imt_sdk_win_64/imt_sdk_win_64/winavr/bin/../lib/gcc/avr/4.3.3/avr5\libgcc.a(_addsub_sf.o)
 .debug_abbrev  0x00000646      0x21b f:/imt school/lectures/avr interfacing/imt_sdk_win_64/imt_sdk_win_64/winavr/bin/../lib/gcc/avr/4.3.3/avr5\libgcc.a(_mul_sf.o)
 .debug_abbrev  0x00000861      0x216 f:/imt school/lectures/avr interfacing/imt_sdk_win_64/imt_sdk_win_64/winavr/bin/../lib/gcc/avr/4.3.3/avr5\libgcc.a(_div_sf.o)
 .debug_abbrev  0x00000a77      0x15a f:/imt school/lectures/avr interfacing/imt_sdk_win_64/imt_sdk_win_64/winavr/bin/../lib/gcc/avr/4.3.3/avr5\libgcc.a(_gt_sf.o)
 .debug_abbrev  0x00000bd1      0x15a f:/imt school/lectures/avr interfacing/imt_sdk_win_64/imt_sdk_win_64/winavr/bin/../lib/gcc/avr/4.3.3/avr5\libgcc.a(_ge_sf.o)
 .debug_abbrev  0x00000d2b      0x15a f:/imt school/lectures/avr interfacing/imt_sdk_win_64/imt_sdk_win_64/winavr/bin/../lib/gcc/avr/4.3.3/avr5\libgcc.a(_lt_sf.o)
 .debug_abbrev  0x00000e85      0x17f f:/imt school/lectures/avr interfacing/imt_sdk_win_64/imt_sdk_win_64/winavr/bin/../lib/gcc/avr/4.3.3/avr5\libgcc.a(_sf_to_si.o)
 .debug_abbrev  0x00001004       0xad f:/imt school/lectures/avr interfacing/imt_sdk_win_64/imt_sdk_win_64/winavr/bin/../lib/gcc/avr/4.3.3/avr5\libgcc.a(_thenan_sf.o)
 .debug_abbrev  0x000010b1       0x6a f:/imt school/lectures/avr interfacing/imt_sdk_win_64/imt_sdk_win_64/winavr/bin/../lib/gcc/avr/4.3.3/avr5\libgcc.a(_clz.o)
 .debug_abbrev  0x0000111b      0x1c0 f:/imt school/lectures/avr interfacing/imt_sdk_win_64/imt_sdk_win_64/winavr/bin/../lib/gcc/avr/4.3.3/avr5\libgcc.a(_pack_sf.o)
 .debug_abbrev  0x000012db      0x154 f:/imt school/lectures/avr interfacing/imt_sdk_win_64/imt_sdk_win_64/winavr/bin/../lib/gcc/avr/4.3.3/avr5\libgcc.a(_unpack_sf.o)
 .debug_abbrev  0x0000142f      0x13b f:/imt school/lectures/avr interfacing/imt_sdk_win_64/imt_sdk_win_64/winavr/bin/../lib/gcc/avr/4.3.3/avr5\libgcc.a(_fpcmp_parts_sf.o)

.debug_line     0x00000000     0x14dd
 *(.debug_line)
 .debug_line    0x00000000       0xd7 f:/imt school/lectures/avr interfacing/imt_sdk_win_64/imt_sdk_win_64/winavr/bin/../lib/gcc/avr/4.3.3/avr5\libgcc.a(_ashldi3.o)
 .debug_line    0x000000d7       0xa7 f:/imt school/lectures/avr interfacing/imt_sdk_win_64/imt_sdk_win_64/winavr/bin/../lib/gcc/avr/4.3.3/avr5\libgcc.a(_fixunssfsi.o)
 .debug_line    0x0000017e      0x1d8 f:/imt school/lectures/avr interfacing/imt_sdk_win_64/imt_sdk_win_64/winavr/bin/../lib/gcc/avr/4.3.3/avr5\libgcc.a(_udivdi3.o)
 .debug_line    0x00000356      0x230 f:/imt school/lectures/avr interfacing/imt_sdk_win_64/imt_sdk_win_64/winavr/bin/../lib/gcc/avr/4.3.3/avr5\libgcc.a(_umoddi3.o)
 .debug_line    0x00000586      0x2af f:/imt school/lectures/avr interfacing/imt_sdk_win_64/imt_sdk_win_64/winavr/bin/../lib/gcc/avr/4.3.3/avr5\libgcc.a(_addsub_sf.o)
 .debug_line    0x00000835      0x239 f:/imt school/lectures/avr interfacing/imt_sdk_win_64/imt_sdk_win_64/winavr/bin/../lib/gcc/avr/4.3.3/avr5\libgcc.a(_mul_sf.o)
 .debug_line    0x00000a6e      0x1d5 f:/imt school/lectures/avr interfacing/imt_sdk_win_64/imt_sdk_win_64/winavr/bin/../lib/gcc/avr/4.3.3/avr5\libgcc.a(_div_sf.o)
 .debug_line    0x00000c43       0xd3 f:/imt school/lectures/avr interfacing/imt_sdk_win_64/imt_sdk_win_64/winavr/bin/../lib/gcc/avr/4.3.3/avr5\libgcc.a(_gt_sf.o)
 .debug_line    0x00000d16       0xd3 f:/imt school/lectures/avr interfacing/imt_sdk_win_64/imt_sdk_win_64/winavr/bin/../lib/gcc/avr/4.3.3/avr5\libgcc.a(_ge_sf.o)
 .debug_line    0x00000de9       0xd3 f:/imt school/lectures/avr interfacing/imt_sdk_win_64/imt_sdk_win_64/winavr/bin/../lib/gcc/avr/4.3.3/avr5\libgcc.a(_lt_sf.o)
 .debug_line    0x00000ebc      0x109 f:/imt school/lectures/avr interfacing/imt_sdk_win_64/imt_sdk_win_64/winavr/bin/../lib/gcc/avr/4.3.3/avr5\libgcc.a(_sf_to_si.o)
 .debug_line    0x00000fc5       0x90 f:/imt school/lectures/avr interfacing/imt_sdk_win_64/imt_sdk_win_64/winavr/bin/../lib/gcc/avr/4.3.3/avr5\libgcc.a(_thenan_sf.o)
 .debug_line    0x00001055       0x7c f:/imt school/lectures/avr interfacing/imt_sdk_win_64/imt_sdk_win_64/winavr/bin/../lib/gcc/avr/4.3.3/avr5\libgcc.a(_clz.o)
 .debug_line    0x000010d1      0x18a f:/imt school/lectures/avr interfacing/imt_sdk_win_64/imt_sdk_win_64/winavr/bin/../lib/gcc/avr/4.3.3/avr5\libgcc.a(_pack_sf.o)
 .debug_line    0x0000125b      0x14b f:/imt school/lectures/avr interfacing/imt_sdk_win_64/imt_sdk_win_64/winavr/bin/../lib/gcc/avr/4.3.3/avr5\libgcc.a(_unpack_sf.o)
 .debug_line    0x000013a6      0x137 f:/imt school/lectures/avr interfacing/imt_sdk_win_64/imt_sdk_win_64/winavr/bin/../lib/gcc/avr/4.3.3/avr5\libgcc.a(_fpcmp_parts_sf.o)

.debug_frame    0x00000000      0x1e0
 *(.debug_frame)
 .debug_frame   0x00000000       0x20 f:/imt school/lectures/avr interfacing/imt_sdk_win_64/imt_sdk_win_64/winavr/bin/../lib/gcc/avr/4.3.3/avr5\libgcc.a(_ashldi3.o)
 .debug_frame   0x00000020       0x20 f:/imt school/lectures/avr interfacing/imt_sdk_win_64/imt_sdk_win_64/winavr/bin/../lib/gcc/avr/4.3.3/avr5\libgcc.a(_fixunssfsi.o)
 .debug_frame   0x00000040       0x20 f:/imt school/lectures/avr interfacing/imt_sdk_win_64/imt_sdk_win_64/winavr/bin/../lib/gcc/avr/4.3.3/avr5\libgcc.a(_udivdi3.o)
 .debug_frame   0x00000060       0x20 f:/imt school/lectures/avr interfacing/imt_sdk_win_64/imt_sdk_win_64/winavr/bin/../lib/gcc/avr/4.3.3/avr5\libgcc.a(_umoddi3.o)
 .debug_frame   0x00000080       0x40 f:/imt school/lectures/avr interfacing/imt_sdk_win_64/imt_sdk_win_64/winavr/bin/../lib/gcc/avr/4.3.3/avr5\libgcc.a(_addsub_sf.o)
 .debug_frame   0x000000c0       0x20 f:/imt school/lectures/avr interfacing/imt_sdk_win_64/imt_sdk_win_64/winavr/bin/../lib/gcc/avr/4.3.3/avr5\libgcc.a(_mul_sf.o)
 .debug_frame   0x000000e0       0x20 f:/imt school/lectures/avr interfacing/imt_sdk_win_64/imt_sdk_win_64/winavr/bin/../lib/gcc/avr/4.3.3/avr5\libgcc.a(_div_sf.o)
 .debug_frame   0x00000100       0x20 f:/imt school/lectures/avr interfacing/imt_sdk_win_64/imt_sdk_win_64/winavr/bin/../lib/gcc/avr/4.3.3/avr5\libgcc.a(_gt_sf.o)
 .debug_frame   0x00000120       0x20 f:/imt school/lectures/avr interfacing/imt_sdk_win_64/imt_sdk_win_64/winavr/bin/../lib/gcc/avr/4.3.3/avr5\libgcc.a(_ge_sf.o)
 .debug_frame   0x00000140       0x20 f:/imt school/lectures/avr interfacing/imt_sdk_win_64/imt_sdk_win_64/winavr/bin/../lib/gcc/avr/4.3.3/avr5\libgcc.a(_lt_sf.o)
 .debug_frame   0x00000160       0x20 f:/imt school/lectures/avr interfacing/imt_sdk_win_64/imt_sdk_win_64/winavr/bin/../lib/gcc/avr/4.3.3/avr5\libgcc.a(_sf_to_si.o)
 .debug_frame   0x00000180       0x20 f:/imt school/lectures/avr interfacing/imt_sdk_win_64/imt_sdk_win_64/winavr/bin/../lib/gcc/avr/4.3.3/avr5\libgcc.a(_pack_sf.o)
 .debug_frame   0x000001a0       0x20 f:/imt school/lectures/avr interfacing/imt_sdk_win_64/imt_sdk_win_64/winavr/bin/../lib/gcc/avr/4.3.3/avr5\libgcc.a(_unpack_sf.o)
 .debug_frame   0x000001c0       0x20 f:/imt school/lectures/avr interfacing/imt_sdk_win_64/imt_sdk_win_64/winavr/bin/../lib/gcc/avr/4.3.3/avr5\libgcc.a(_fpcmp_parts_sf.o)

.debug_str      0x00000000      0x375
 *(.debug_str)
 .debug_str     0x00000000       0xdf f:/imt school/lectures/avr interfacing/imt_sdk_win_64/imt_sdk_win_64/winavr/bin/../lib/gcc/avr/4.3.3/avr5\libgcc.a(_ashldi3.o)
                                0x131 (size before relaxing)
 .debug_str     0x000000df       0x14 f:/imt school/lectures/avr interfacing/imt_sdk_win_64/imt_sdk_win_64/winavr/bin/../lib/gcc/avr/4.3.3/avr5\libgcc.a(_fixunssfsi.o)
                                 0xfe (size before relaxing)
 .debug_str     0x000000f3       0x7c f:/imt school/lectures/avr interfacing/imt_sdk_win_64/imt_sdk_win_64/winavr/bin/../lib/gcc/avr/4.3.3/avr5\libgcc.a(_udivdi3.o)
                                0x18a (size before relaxing)
 .debug_str     0x0000016f        0xa f:/imt school/lectures/avr interfacing/imt_sdk_win_64/imt_sdk_win_64/winavr/bin/../lib/gcc/avr/4.3.3/avr5\libgcc.a(_umoddi3.o)
                                0x18a (size before relaxing)
 .debug_str     0x00000179      0x14d f:/imt school/lectures/avr interfacing/imt_sdk_win_64/imt_sdk_win_64/winavr/bin/../lib/gcc/avr/4.3.3/avr5\libgcc.a(_addsub_sf.o)
                                0x206 (size before relaxing)
 .debug_str     0x000002c6       0x27 f:/imt school/lectures/avr interfacing/imt_sdk_win_64/imt_sdk_win_64/winavr/bin/../lib/gcc/avr/4.3.3/avr5\libgcc.a(_mul_sf.o)
                                0x1bf (size before relaxing)
 .debug_str     0x000002ed       0x35 f:/imt school/lectures/avr interfacing/imt_sdk_win_64/imt_sdk_win_64/winavr/bin/../lib/gcc/avr/4.3.3/avr5\libgcc.a(_div_sf.o)
                                0x1c8 (size before relaxing)
 .debug_str     0x00000322        0x8 f:/imt school/lectures/avr interfacing/imt_sdk_win_64/imt_sdk_win_64/winavr/bin/../lib/gcc/avr/4.3.3/avr5\libgcc.a(_gt_sf.o)
                                0x195 (size before relaxing)
 .debug_str     0x0000032a        0x8 f:/imt school/lectures/avr interfacing/imt_sdk_win_64/imt_sdk_win_64/winavr/bin/../lib/gcc/avr/4.3.3/avr5\libgcc.a(_ge_sf.o)
                                0x195 (size before relaxing)
 .debug_str     0x00000332        0x8 f:/imt school/lectures/avr interfacing/imt_sdk_win_64/imt_sdk_win_64/winavr/bin/../lib/gcc/avr/4.3.3/avr5\libgcc.a(_lt_sf.o)
                                0x195 (size before relaxing)
 .debug_str     0x0000033a        0xa f:/imt school/lectures/avr interfacing/imt_sdk_win_64/imt_sdk_win_64/winavr/bin/../lib/gcc/avr/4.3.3/avr5\libgcc.a(_sf_to_si.o)
                                0x19e (size before relaxing)
 .debug_str     0x00000000      0x103 f:/imt school/lectures/avr interfacing/imt_sdk_win_64/imt_sdk_win_64/winavr/bin/../lib/gcc/avr/4.3.3/avr5\libgcc.a(_thenan_sf.o)
 .debug_str     0x00000000       0xf4 f:/imt school/lectures/avr interfacing/imt_sdk_win_64/imt_sdk_win_64/winavr/bin/../lib/gcc/avr/4.3.3/avr5\libgcc.a(_clz.o)
 .debug_str     0x00000344       0x16 f:/imt school/lectures/avr interfacing/imt_sdk_win_64/imt_sdk_win_64/winavr/bin/../lib/gcc/avr/4.3.3/avr5\libgcc.a(_pack_sf.o)
                                0x19d (size before relaxing)
 .debug_str     0x0000035a        0xb f:/imt school/lectures/avr interfacing/imt_sdk_win_64/imt_sdk_win_64/winavr/bin/../lib/gcc/avr/4.3.3/avr5\libgcc.a(_unpack_sf.o)
                                0x17f (size before relaxing)
 .debug_str     0x00000365       0x10 f:/imt school/lectures/avr interfacing/imt_sdk_win_64/imt_sdk_win_64/winavr/bin/../lib/gcc/avr/4.3.3/avr5\libgcc.a(_fpcmp_parts_sf.o)
                                0x163 (size before relaxing)

.debug_loc      0x00000000     0x22ac
 *(.debug_loc)
 .debug_loc     0x00000000       0xf8 f:/imt school/lectures/avr interfacing/imt_sdk_win_64/imt_sdk_win_64/winavr/bin/../lib/gcc/avr/4.3.3/avr5\libgcc.a(_ashldi3.o)
 .debug_loc     0x000000f8       0x34 f:/imt school/lectures/avr interfacing/imt_sdk_win_64/imt_sdk_win_64/winavr/bin/../lib/gcc/avr/4.3.3/avr5\libgcc.a(_fixunssfsi.o)
 .debug_loc     0x0000012c      0xe74 f:/imt school/lectures/avr interfacing/imt_sdk_win_64/imt_sdk_win_64/winavr/bin/../lib/gcc/avr/4.3.3/avr5\libgcc.a(_udivdi3.o)
 .debug_loc     0x00000fa0      0xab2 f:/imt school/lectures/avr interfacing/imt_sdk_win_64/imt_sdk_win_64/winavr/bin/../lib/gcc/avr/4.3.3/avr5\libgcc.a(_umoddi3.o)
 .debug_loc     0x00001a52      0x32a f:/imt school/lectures/avr interfacing/imt_sdk_win_64/imt_sdk_win_64/winavr/bin/../lib/gcc/avr/4.3.3/avr5\libgcc.a(_addsub_sf.o)
 .debug_loc     0x00001d7c      0x104 f:/imt school/lectures/avr interfacing/imt_sdk_win_64/imt_sdk_win_64/winavr/bin/../lib/gcc/avr/4.3.3/avr5\libgcc.a(_mul_sf.o)
 .debug_loc     0x00001e80       0xc0 f:/imt school/lectures/avr interfacing/imt_sdk_win_64/imt_sdk_win_64/winavr/bin/../lib/gcc/avr/4.3.3/avr5\libgcc.a(_div_sf.o)
 .debug_loc     0x00001f40       0x3c f:/imt school/lectures/avr interfacing/imt_sdk_win_64/imt_sdk_win_64/winavr/bin/../lib/gcc/avr/4.3.3/avr5\libgcc.a(_gt_sf.o)
 .debug_loc     0x00001f7c       0x3c f:/imt school/lectures/avr interfacing/imt_sdk_win_64/imt_sdk_win_64/winavr/bin/../lib/gcc/avr/4.3.3/avr5\libgcc.a(_ge_sf.o)
 .debug_loc     0x00001fb8       0x3c f:/imt school/lectures/avr interfacing/imt_sdk_win_64/imt_sdk_win_64/winavr/bin/../lib/gcc/avr/4.3.3/avr5\libgcc.a(_lt_sf.o)
 .debug_loc     0x00001ff4       0x7e f:/imt school/lectures/avr interfacing/imt_sdk_win_64/imt_sdk_win_64/winavr/bin/../lib/gcc/avr/4.3.3/avr5\libgcc.a(_sf_to_si.o)
 .debug_loc     0x00002072      0x13e f:/imt school/lectures/avr interfacing/imt_sdk_win_64/imt_sdk_win_64/winavr/bin/../lib/gcc/avr/4.3.3/avr5\libgcc.a(_pack_sf.o)
 .debug_loc     0x000021b0       0xac f:/imt school/lectures/avr interfacing/imt_sdk_win_64/imt_sdk_win_64/winavr/bin/../lib/gcc/avr/4.3.3/avr5\libgcc.a(_unpack_sf.o)
 .debug_loc     0x0000225c       0x50 f:/imt school/lectures/avr interfacing/imt_sdk_win_64/imt_sdk_win_64/winavr/bin/../lib/gcc/avr/4.3.3/avr5\libgcc.a(_fpcmp_parts_sf.o)

.debug_macinfo
 *(.debug_macinfo)
OUTPUT(FINAL_PROJECT_M.elf elf32-avr)
LOAD linker stubs

.debug_ranges   0x00000000       0x80
 .debug_ranges  0x00000000       0x18 f:/imt school/lectures/avr interfacing/imt_sdk_win_64/imt_sdk_win_64/winavr/bin/../lib/gcc/avr/4.3.3/avr5\libgcc.a(_udivdi3.o)
 .debug_ranges  0x00000018       0x18 f:/imt school/lectures/avr interfacing/imt_sdk_win_64/imt_sdk_win_64/winavr/bin/../lib/gcc/avr/4.3.3/avr5\libgcc.a(_umoddi3.o)
 .debug_ranges  0x00000030       0x50 f:/imt school/lectures/avr interfacing/imt_sdk_win_64/imt_sdk_win_64/winavr/bin/../lib/gcc/avr/4.3.3/avr5\libgcc.a(_mul_sf.o)
